119.202.32.139 - - [08/Mar/2015:22:12:33 +0900] "POST /mboard/mSearchPro.jsp HTTP/1.1" 200 14587
119.202.32.87 - - [08/Mar/2015:22:12:34 +0900] "POST /mboard/mSearchPro.jsp HTTP/1.1" 200 2665
119.202.32.87 - - [08/Mar/2015:22:12:36 +0900] "GET /mboard/mSearchPro.jsp?pagenum=2&gpa=6.0&scholarmoney=1&studentstatus=1&area=%B0%AD%BF%F8&schoolname=%C7%D1%B5%BF%B4%EB&major= HTTP/1.1" 200 2671
119.202.32.145 - - [08/Mar/2015:22:12:37 +0900] "GET /mboard/mSearch.jsp HTTP/1.1" 200 6927
119.202.32.87 - - [08/Mar/2015:22:12:38 +0900] "GET /mboard/Intro.jsp HTTP/1.1" 200 2070
119.202.32.173 - - [08/Mar/2015:22:12:39 +0900] "GET /mboard/mMain.jsp HTTP/1.1" 200 283967
119.202.32.87 - - [08/Mar/2015:22:12:39 +0900] "GET /mboard/mSearch.jsp HTTP/1.1" 200 6927
119.202.32.173 - - [08/Mar/2015:22:12:41 +0900] "GET /mboard/mMain.jsp HTTP/1.1" 200 283967
119.202.32.87 - - [08/Mar/2015:22:12:45 +0900] "POST /mboard/mSearchPro.jsp HTTP/1.1" 200 2659
119.202.32.145 - - [08/Mar/2015:22:12:51 +0900] "POST /mboard/mSearchPro.jsp HTTP/1.1" 200 14587
119.202.32.173 - - [08/Mar/2015:22:12:55 +0900] "GET /mboard/mMain.jsp HTTP/1.1" 200 283967
119.202.32.139 - - [08/Mar/2015:22:12:56 +0900] "GET /mboard/mContent.jsp?rcdno=148 HTTP/1.1" 200 9763
119.202.32.173 - - [08/Mar/2015:22:12:59 +0900] "GET /mboard/mSearch.jsp HTTP/1.1" 200 6927
119.202.32.173 - - [08/Mar/2015:22:13:12 +0900] "POST /mboard/mSearchPro.jsp HTTP/1.1" 200 223350
119.202.32.139 - - [08/Mar/2015:22:13:15 +0900] "GET /mboard/mContent.jsp?rcdno=149 HTTP/1.1" 200 9961
119.202.32.145 - - [08/Mar/2015:22:13:23 +0900] "GET /mboard/mContent.jsp?rcdno=153 HTTP/1.1" 200 8896
119.202.32.71 - - [08/Mar/2015:22:13:29 +0900] "GET /mboard/mContent.jsp?rcdno=123 HTTP/1.1" 200 7008
119.202.32.139 - - [08/Mar/2015:22:14:11 +0900] "GET /mboard/mContent.jsp?rcdno=148 HTTP/1.1" 200 9763
119.202.32.187 - - [08/Mar/2015:22:14:21 +0900] "GET /mboard/mMain.jsp HTTP/1.1" 200 283967
119.202.32.71 - - [08/Mar/2015:22:14:29 +0900] "GET /mboard/mContent.jsp?rcdno=149 HTTP/1.1" 200 9961
119.202.32.187 - - [08/Mar/2015:22:14:32 +0900] "GET /mboard/Intro.jsp HTTP/1.1" 200 2070
119.202.32.187 - - [08/Mar/2015:22:14:47 +0900] "GET /mboard/mMain.jsp HTTP/1.1" 200 283967
119.202.32.187 - - [08/Mar/2015:22:14:50 +0900] "GET /mboard/mMain.jsp HTTP/1.1" 200 283967
119.202.32.187 - - [08/Mar/2015:22:14:59 +0900] "GET /mboard/mSearch.jsp HTTP/1.1" 200 6927
119.202.32.187 - - [08/Mar/2015:22:15:17 +0900] "POST /mboard/mSearchPro.jsp HTTP/1.1" 200 14587
119.202.32.187 - - [08/Mar/2015:22:15:22 +0900] "GET /mboard/mContent.jsp?rcdno=123 HTTP/1.1" 200 7008
119.202.32.71 - - [08/Mar/2015:22:15:26 +0900] "GET /mboard/mContent.jsp?rcdno=154 HTTP/1.1" 200 10031
119.202.32.187 - - [08/Mar/2015:22:15:46 +0900] "GET /mboard/mContent.jsp?rcdno=149 HTTP/1.1" 200 9961
119.202.32.145 - - [08/Mar/2015:22:16:00 +0900] "GET /mboard/mSearchPro.jsp?pagenum=2&gpa=6.0&scholarmoney=1&studentstatus=1&area=&schoolname=%C7%D1%B5%BF%B4%EB&major= HTTP/1.1" 200 2663
119.202.32.188 - - [08/Mar/2015:22:16:02 +0900] "GET /mboard/mMain.jsp HTTP/1.1" 200 283967
119.202.32.145 - - [08/Mar/2015:22:16:02 +0900] "GET /mboard/mSearchPro.jsp?pagenum=3&gpa=6.0&scholarmoney=1&studentstatus=1&area=&schoolname=???%A2%AF%A2%A5?&major= HTTP/1.1" 200 2663
119.202.32.145 - - [08/Mar/2015:22:16:03 +0900] "GET /mboard/mSearchPro.jsp?pagenum=4&gpa=6.0&scholarmoney=1&studentstatus=1&area=&schoolname=????????&major= HTTP/1.1" 200 2663
119.202.32.187 - - [08/Mar/2015:22:16:06 +0900] "GET /mboard/mContent.jsp?rcdno=151 HTTP/1.1" 200 9032
119.202.32.145 - - [08/Mar/2015:22:16:08 +0900] "GET /mboard/mSearch.jsp HTTP/1.1" 200 6927
119.202.32.188 - - [08/Mar/2015:22:16:15 +0900] "GET /mboard/mSearch.jsp HTTP/1.1" 200 6927
119.202.32.187 - - [08/Mar/2015:22:16:17 +0900] "GET /mboard/mContent.jsp?rcdno=152 HTTP/1.1" 200 8239
119.202.32.145 - - [08/Mar/2015:22:16:21 +0900] "GET /mboard/mSearch.jsp HTTP/1.1" 200 6927
119.202.32.71 - - [08/Mar/2015:22:16:26 +0900] "GET /mboard/mContent.jsp?rcdno=152 HTTP/1.1" 200 8239
119.202.32.145 - - [08/Mar/2015:22:16:27 +0900] "POST /mboard/mSearchPro.jsp HTTP/1.1" 200 5660
119.202.32.188 - - [08/Mar/2015:22:16:33 +0900] "POST /mboard/mSearchPro.jsp HTTP/1.1" 200 14587
119.202.32.187 - - [08/Mar/2015:22:16:35 +0900] "GET /mboard/mContent.jsp?rcdno=154 HTTP/1.1" 200 10031
119.202.32.145 - - [08/Mar/2015:22:16:40 +0900] "GET /mboard/mContent.jsp?rcdno=50 HTTP/1.1" 200 11166
175.223.10.179 - - [08/Mar/2015:22:16:40 +0900] "GET /mboard/mMain.jsp HTTP/1.1" 200 283967
119.202.32.188 - - [08/Mar/2015:22:16:45 +0900] "GET /mboard/mContent.jsp?rcdno=149 HTTP/1.1" 200 9961
119.202.32.187 - - [08/Mar/2015:22:16:48 +0900] "GET /mboard/mMain.jsp HTTP/1.1" 200 283967
119.202.32.187 - - [08/Mar/2015:22:16:50 +0900] "GET /mboard/Intro.jsp HTTP/1.1" 200 2070
119.202.32.71 - - [08/Mar/2015:22:16:51 +0900] "GET /mboard/mContent.jsp?rcdno=151 HTTP/1.1" 200 9032
175.223.10.179 - - [08/Mar/2015:22:16:54 +0900] "GET /mboard/mContent.jsp?rcdno=65 HTTP/1.1" 200 7790
119.202.32.188 - - [08/Mar/2015:22:17:14 +0900] "GET /mboard/mSearch.jsp HTTP/1.1" 200 6927
119.202.32.188 - - [08/Mar/2015:22:17:16 +0900] "GET /mboard/mMain.jsp HTTP/1.1" 200 283967
175.223.10.179 - - [08/Mar/2015:22:17:17 +0900] "GET /mboard/mContent.jsp?rcdno=95 HTTP/1.1" 200 7452
175.223.10.179 - - [08/Mar/2015:22:17:27 +0900] "GET /mboard/mContent.jsp?rcdno=44 HTTP/1.1" 200 6646
119.202.32.145 - - [08/Mar/2015:22:17:49 +0900] "GET /mboard/mSearchPro.jsp?pagenum=3&gpa=6.0&scholarmoney=1&studentstatus=1&area=&schoolname=???%A2%AF%A2%A5?&major= HTTP/1.1" 200 2663
175.223.10.179 - - [08/Mar/2015:22:17:50 +0900] "GET /mboard/mContent.jsp?rcdno=142 HTTP/1.1" 200 6570
119.202.32.145 - - [08/Mar/2015:22:17:52 +0900] "GET /mboard/mMain.jsp HTTP/1.1" 200 283967
119.202.32.188 - - [08/Mar/2015:22:17:55 +0900] "GET /mboard/mSearch.jsp HTTP/1.1" 200 6927
175.223.10.179 - - [08/Mar/2015:22:18:14 +0900] "GET /mboard/mContent.jsp?rcdno=45 HTTP/1.1" 200 6988
119.202.32.188 - - [08/Mar/2015:22:18:16 +0900] "POST /mboard/mSearchPro.jsp HTTP/1.1" 200 5666
119.202.32.188 - - [08/Mar/2015:22:18:24 +0900] "GET /mboard/mSearch.jsp HTTP/1.1" 200 6927
175.223.10.179 - - [08/Mar/2015:22:18:30 +0900] "GET /mboard/mContent.jsp?rcdno=85 HTTP/1.1" 200 6874
119.202.32.188 - - [08/Mar/2015:22:18:31 +0900] "POST /mboard/mSearchPro.jsp HTTP/1.1" 200 14587
119.202.32.188 - - [08/Mar/2015:22:18:45 +0900] "GET /mboard/mContent.jsp?rcdno=150 HTTP/1.1" 200 8502
119.202.33.94 - - [08/Mar/2015:22:18:53 +0900] "GET /mboard/mMain.jsp HTTP/1.1" 200 283967
175.223.10.179 - - [08/Mar/2015:22:19:00 +0900] "GET /mboard/mContent.jsp?rcdno=183 HTTP/1.1" 200 15778
175.223.10.179 - - [08/Mar/2015:22:19:10 +0900] "GET /mboard/mContent.jsp?rcdno=165 HTTP/1.1" 200 11936
119.202.32.151 - - [08/Mar/2015:22:19:17 +0900] "GET /mboard/mMain.jsp HTTP/1.1" 200 283967
119.202.32.94 - - [08/Mar/2015:22:19:25 +0900] "GET /mboard/mMain.jsp HTTP/1.1" 200 283967
119.202.32.94 - - [08/Mar/2015:22:19:38 +0900] "GET /mboard/mContent.jsp?rcdno=148 HTTP/1.1" 200 9763
175.223.10.179 - - [08/Mar/2015:22:19:49 +0900] "GET /mboard/mContent.jsp?rcdno=103 HTTP/1.1" 200 8596
119.202.32.151 - - [08/Mar/2015:22:20:03 +0900] "GET /mboard/mMain.jsp HTTP/1.1" 200 283967
119.202.32.151 - - [08/Mar/2015:22:20:08 +0900] "GET /mboard/mMain.jsp HTTP/1.1" 200 283967
175.223.10.179 - - [08/Mar/2015:22:20:18 +0900] "GET /mboard/mContent.jsp?rcdno=177 HTTP/1.1" 200 7516
175.223.10.179 - - [08/Mar/2015:22:20:38 +0900] "GET /mboard/mContent.jsp?rcdno=176 HTTP/1.1" 200 7949
175.223.10.179 - - [08/Mar/2015:22:21:25 +0900] "GET /mboard/mContent.jsp?rcdno=198 HTTP/1.1" 200 5823
223.62.234.99 - - [08/Mar/2015:22:21:37 +0900] "GET /mboard/mMain.jsp HTTP/1.1" 200 283967
175.223.10.179 - - [08/Mar/2015:22:21:43 +0900] "GET /mboard/mContent.jsp?rcdno=240 HTTP/1.1" 200 7322
175.223.10.179 - - [08/Mar/2015:22:21:57 +0900] "GET /mboard/mContent.jsp?rcdno=232 HTTP/1.1" 200 6861
175.223.10.179 - - [08/Mar/2015:22:22:08 +0900] "GET /mboard/mContent.jsp?rcdno=187 HTTP/1.1" 200 8043
175.223.10.179 - - [08/Mar/2015:22:22:21 +0900] "GET /mboard/mContent.jsp?rcdno=76 HTTP/1.1" 200 6579
175.223.10.179 - - [08/Mar/2015:22:22:35 +0900] "GET /mboard/mContent.jsp?rcdno=137 HTTP/1.1" 200 5854
61.72.158.80 - - [08/Mar/2015:22:24:39 +0900] "GET /mboard/mMain.jsp HTTP/1.1" 200 283967
61.72.158.80 - - [08/Mar/2015:22:24:47 +0900] "GET /mboard/mMain.jsp HTTP/1.1" 200 283967
61.72.158.80 - - [08/Mar/2015:22:24:52 +0900] "GET /mboard/mMain.jsp HTTP/1.1" 200 283967
61.72.158.80 - - [08/Mar/2015:22:24:55 +0900] "GET /mboard/mMain.jsp HTTP/1.1" 200 283967
61.72.158.80 - - [08/Mar/2015:22:24:55 +0900] "GET /mboard/mMain.jsp HTTP/1.1" 200 283967
61.72.158.80 - - [08/Mar/2015:22:25:09 +0900] "GET /mboard/mSearch.jsp HTTP/1.1" 200 6927
61.72.158.80 - - [08/Mar/2015:22:25:36 +0900] "POST /mboard/mSearchPro.jsp HTTP/1.1" 200 2669
61.72.158.80 - - [08/Mar/2015:22:25:40 +0900] "GET /mboard/mSearchPro.jsp?pagenum=2&gpa=3.0&scholarmoney=1&studentstatus=1&area=%BC%AD%BF%EF&schoolname=%C7%D1%BC%BA%B4%EB&major=%BF%AA%BB%E7 HTTP/1.1" 200 2677
175.203.23.1 - - [08/Mar/2015:22:29:23 +0900] "GET /mboard/mMain.jsp HTTP/1.1" 200 283967
175.203.23.1 - - [08/Mar/2015:22:29:23 +0900] "GET /mboard/mMain.jsp HTTP/1.1" 200 283967
175.203.23.1 - - [08/Mar/2015:22:29:26 +0900] "GET /mboard/mMain.jsp HTTP/1.1" 200 283967
175.203.23.1 - - [08/Mar/2015:22:29:31 +0900] "GET /mboard/mMain.jsp HTTP/1.1" 200 283967
175.203.23.1 - - [08/Mar/2015:22:29:33 +0900] "GET /mboard/mMain.jsp HTTP/1.1" 200 283967
175.223.14.122 - - [08/Mar/2015:22:30:48 +0900] "GET /mboard/mMain.jsp HTTP/1.1" 200 283967
175.223.14.122 - - [08/Mar/2015:22:30:57 +0900] "GET /mboard/mSearch.jsp HTTP/1.1" 200 6927
175.223.14.122 - - [08/Mar/2015:22:31:03 +0900] "GET /mboard/mMain.jsp HTTP/1.1" 200 283967
175.223.14.122 - - [08/Mar/2015:22:31:04 +0900] "GET /mboard/mMain.jsp HTTP/1.1" 200 283967
175.223.14.122 - - [08/Mar/2015:22:31:05 +0900] "GET /mboard/Announcement.jsp HTTP/1.1" 200 2069
175.223.14.122 - - [08/Mar/2015:22:31:09 +0900] "GET /mboard/Intro.jsp HTTP/1.1" 200 2070
119.202.32.151 - - [08/Mar/2015:22:37:19 +0900] "GET /mboard/mContent.jsp?rcdno=182 HTTP/1.1" 200 7662
119.202.32.151 - - [08/Mar/2015:22:37:46 +0900] "GET /mboard/mMain.jsp HTTP/1.1" 200 283967
119.202.32.151 - - [08/Mar/2015:22:37:49 +0900] "GET /mboard/Intro.jsp HTTP/1.1" 200 2070
119.202.32.151 - - [08/Mar/2015:22:38:09 +0900] "GET /mboard/Announcement.jsp HTTP/1.1" 200 2069
119.202.32.151 - - [08/Mar/2015:22:38:19 +0900] "GET /mboard/mMain.jsp HTTP/1.1" 200 283967
119.202.32.151 - - [08/Mar/2015:22:39:05 +0900] "GET /mboard/Announcement.jsp HTTP/1.1" 200 2069
119.202.32.151 - - [08/Mar/2015:22:39:06 +0900] "GET /mboard/Intro.jsp HTTP/1.1" 200 2070
119.202.32.151 - - [08/Mar/2015:22:39:11 +0900] "GET /mboard/Announcement.jsp HTTP/1.1" 200 2069
119.202.32.151 - - [08/Mar/2015:22:39:12 +0900] "GET /mboard/mMain.jsp HTTP/1.1" 200 283967
119.202.32.151 - - [08/Mar/2015:22:40:15 +0900] "GET /mboard/mContent.jsp?rcdno=128 HTTP/1.1" 200 9390
112.173.126.97 - - [08/Mar/2015:22:44:41 +0900] "GET /mboard/mMain.jsp HTTP/1.1" 200 283967
112.173.126.97 - - [08/Mar/2015:22:44:59 +0900] "GET /mboard/mMain.jsp HTTP/1.1" 200 283967
119.202.38.209 - - [08/Mar/2015:22:45:02 +0900] "GET /mboard/mMain.jsp HTTP/1.1" 200 283967
119.202.38.209 - - [08/Mar/2015:22:45:04 +0900] "GET /mboard/Announcement.jsp HTTP/1.1" 200 2069
119.202.38.209 - - [08/Mar/2015:22:45:10 +0900] "GET /mboard/mMain.jsp HTTP/1.1" 200 283967
112.173.126.97 - - [08/Mar/2015:22:45:55 +0900] "GET /mboard/mContent.jsp?rcdno=183 HTTP/1.1" 200 15778
112.173.126.97 - - [08/Mar/2015:22:46:51 +0900] "GET /mboard/mContent.jsp?rcdno=196 HTTP/1.1" 200 13221
112.173.126.97 - - [08/Mar/2015:22:47:06 +0900] "GET /mboard/mContent.jsp?rcdno=180 HTTP/1.1" 200 5509
119.202.38.209 - - [08/Mar/2015:22:48:00 +0900] "GET /mboard/mContent.jsp?rcdno=74 HTTP/1.1" 200 6648
119.202.38.209 - - [08/Mar/2015:22:48:35 +0900] "GET /mboard/mMain.jsp HTTP/1.1" 200 283967
119.202.38.209 - - [08/Mar/2015:22:48:42 +0900] "GET /board/Write.jsp HTTP/1.1" 200 4518
119.202.38.209 - - [08/Mar/2015:22:48:44 +0900] "GET /mboard/Intro.jsp HTTP/1.1" 200 2070
119.202.38.209 - - [08/Mar/2015:22:48:45 +0900] "GET /mboard/Announcement.jsp HTTP/1.1" 200 2069
119.202.38.209 - - [08/Mar/2015:22:48:45 +0900] "GET /mboard/mMain.jsp HTTP/1.1" 200 283967
119.202.32.87 - - [08/Mar/2015:22:53:24 +0900] "GET /mboard/mMain.jsp HTTP/1.1" 200 283967
119.202.32.87 - - [08/Mar/2015:22:53:28 +0900] "GET /mboard/mMain.jsp HTTP/1.1" 200 283967
119.202.32.87 - - [08/Mar/2015:22:53:34 +0900] "GET /mboard/Intro.jsp HTTP/1.1" 200 2070
119.202.32.87 - - [08/Mar/2015:22:53:55 +0900] "GET /mboard/Announcement.jsp HTTP/1.1" 200 2069
119.202.32.87 - - [08/Mar/2015:22:53:55 +0900] "GET /mboard/Announcement.jsp HTTP/1.1" 200 2069
119.202.32.87 - - [08/Mar/2015:22:54:03 +0900] "GET /mboard/mMain.jsp HTTP/1.1" 200 283967
119.202.32.87 - - [08/Mar/2015:22:54:16 +0900] "GET /mboard/mContent.jsp?rcdno=65 HTTP/1.1" 200 7790
119.202.32.87 - - [08/Mar/2015:22:54:32 +0900] "GET /mboard/mContent.jsp?rcdno=66 HTTP/1.1" 200 6549
119.202.32.87 - - [08/Mar/2015:22:54:38 +0900] "GET /mboard/mMain.jsp HTTP/1.1" 200 283967
119.202.32.87 - - [08/Mar/2015:22:55:10 +0900] "GET /mboard/mContent.jsp?rcdno=165 HTTP/1.1" 200 11936
112.155.89.188 - - [08/Mar/2015:22:55:14 +0900] "GET /board/Main.jsp HTTP/1.1" 200 302657
112.155.89.188 - - [08/Mar/2015:22:55:57 +0900] "GET /board/Write.jsp HTTP/1.1" 200 4518
119.202.32.87 - - [08/Mar/2015:22:56:17 +0900] "GET /mboard/mContent.jsp?rcdno=103 HTTP/1.1" 200 8596
112.155.89.188 - - [08/Mar/2015:23:02:04 +0900] "POST /board/WritePro.jsp HTTP/1.1" 302 -
112.155.89.188 - - [08/Mar/2015:23:02:04 +0900] "GET /board/Main.jsp HTTP/1.1" 200 304535
112.155.89.188 - - [08/Mar/2015:23:02:16 +0900] "GET /board/Write.jsp HTTP/1.1" 200 4518
115.139.68.133 - - [08/Mar/2015:23:04:00 +0900] "GET /mboard/mMain.jsp HTTP/1.1" 200 285734
115.139.68.133 - - [08/Mar/2015:23:04:12 +0900] "GET /mboard/mSearch.jsp HTTP/1.1" 200 6927
115.139.68.133 - - [08/Mar/2015:23:05:53 +0900] "POST /mboard/mSearchPro.jsp HTTP/1.1" 200 2665
115.139.68.133 - - [08/Mar/2015:23:06:08 +0900] "GET /mboard/mMain.jsp HTTP/1.1" 200 285734
115.139.68.133 - - [08/Mar/2015:23:06:22 +0900] "GET /mboard/mSearch.jsp HTTP/1.1" 200 6927
115.139.68.133 - - [08/Mar/2015:23:06:30 +0900] "POST /mboard/mSearchPro.jsp HTTP/1.1" 200 2661
112.155.89.188 - - [08/Mar/2015:23:06:35 +0900] "POST /board/WritePro.jsp HTTP/1.1" 302 -
112.155.89.188 - - [08/Mar/2015:23:06:35 +0900] "GET /board/Main.jsp HTTP/1.1" 200 306421
115.139.68.133 - - [08/Mar/2015:23:06:37 +0900] "POST /mboard/mSearchPro.jsp HTTP/1.1" 200 14587
115.139.68.133 - - [08/Mar/2015:23:06:50 +0900] "POST /mboard/mSearchPro.jsp HTTP/1.1" 200 2661
115.139.68.133 - - [08/Mar/2015:23:06:56 +0900] "POST /mboard/mSearchPro.jsp HTTP/1.1" 200 2659
115.139.68.133 - - [08/Mar/2015:23:06:59 +0900] "GET /mboard/Intro.jsp HTTP/1.1" 200 2070
115.139.68.133 - - [08/Mar/2015:23:07:14 +0900] "GET /mboard/mMain.jsp HTTP/1.1" 200 287509
115.139.68.133 - - [08/Mar/2015:23:07:15 +0900] "GET /mboard/Announcement.jsp HTTP/1.1" 200 2069
115.139.68.133 - - [08/Mar/2015:23:07:17 +0900] "GET /mboard/Announcement.jsp HTTP/1.1" 200 2069
115.139.68.133 - - [08/Mar/2015:23:08:22 +0900] "GET /mboard/mSearch.jsp HTTP/1.1" 200 6927
112.155.89.188 - - [08/Mar/2015:23:08:27 +0900] "GET /board/Content.jsp?rcdno=241 HTTP/1.1" 200 6260
115.139.68.133 - - [08/Mar/2015:23:08:28 +0900] "POST /mboard/mSearchPro.jsp HTTP/1.1" 200 4142
112.155.89.188 - - [08/Mar/2015:23:08:29 +0900] "GET /board/Main.jsp HTTP/1.1" 200 306421
165.132.244.88 - - [08/Mar/2015:23:08:32 +0900] "GET /mboard/mMain.jsp HTTP/1.1" 200 287509
112.155.89.188 - - [08/Mar/2015:23:08:37 +0900] "GET /board/Content.jsp?rcdno=183 HTTP/1.1" 200 15278
119.202.32.248 - - [08/Mar/2015:23:08:37 +0900] "GET /mboard/mMain.jsp HTTP/1.1" 200 287509
112.155.89.188 - - [08/Mar/2015:23:09:26 +0900] "GET /board/Main.jsp HTTP/1.1" 200 306421
112.155.89.188 - - [08/Mar/2015:23:09:30 +0900] "GET /board/Write.jsp HTTP/1.1" 200 4518
112.155.89.188 - - [08/Mar/2015:23:10:56 +0900] "POST /board/WritePro.jsp HTTP/1.1" 302 -
112.155.89.188 - - [08/Mar/2015:23:10:56 +0900] "GET /board/Main.jsp HTTP/1.1" 200 308312
112.155.89.188 - - [08/Mar/2015:23:11:47 +0900] "GET /board/Content.jsp?rcdno=243 HTTP/1.1" 200 6488
112.155.89.188 - - [08/Mar/2015:23:11:53 +0900] "GET /board/Main.jsp HTTP/1.1" 200 308312
175.202.141.222 - - [08/Mar/2015:23:12:15 +0900] "GET /mboard/mMain.jsp HTTP/1.1" 200 289287
175.202.141.222 - - [08/Mar/2015:23:12:20 +0900] "GET /mboard/mMain.jsp HTTP/1.1" 200 289287
112.155.89.188 - - [08/Mar/2015:23:12:23 +0900] "GET /board/Main.jsp HTTP/1.1" 200 308312
112.155.89.188 - - [08/Mar/2015:23:12:26 +0900] "GET /board/Write.jsp HTTP/1.1" 200 4518
112.155.89.188 - - [08/Mar/2015:23:14:10 +0900] "GET /board/Main.jsp HTTP/1.1" 200 308312
112.155.89.188 - - [08/Mar/2015:23:14:13 +0900] "GET /board/Main.jsp HTTP/1.1" 200 308312
112.155.89.188 - - [08/Mar/2015:23:14:25 +0900] "GET /board/Write.jsp HTTP/1.1" 200 4518
112.155.89.188 - - [08/Mar/2015:23:17:36 +0900] "POST /board/WritePro.jsp HTTP/1.1" 302 -
112.155.89.188 - - [08/Mar/2015:23:17:36 +0900] "GET /board/Main.jsp HTTP/1.1" 200 310200
175.202.141.222 - - [08/Mar/2015:23:18:02 +0900] "GET /mboard/mContent.jsp?rcdno=125 HTTP/1.1" 200 6156
175.202.141.222 - - [08/Mar/2015:23:18:10 +0900] "GET /mboard/mMain.jsp HTTP/1.1" 200 291064
175.202.141.222 - - [08/Mar/2015:23:18:14 +0900] "GET /mboard/mMain.jsp HTTP/1.1" 200 291064
175.202.141.222 - - [08/Mar/2015:23:18:18 +0900] "GET /mboard/Intro.jsp HTTP/1.1" 200 2070
175.202.141.222 - - [08/Mar/2015:23:19:10 +0900] "GET /mboard/mMain.jsp HTTP/1.1" 200 291064
175.202.141.222 - - [08/Mar/2015:23:20:08 +0900] "GET /mboard/mContent.jsp?rcdno=196 HTTP/1.1" 200 13221
175.202.141.222 - - [08/Mar/2015:23:20:35 +0900] "GET /mboard/Intro.jsp HTTP/1.1" 200 2070
175.202.141.222 - - [08/Mar/2015:23:21:21 +0900] "GET /mboard/Intro.jsp HTTP/1.1" 200 2070
112.155.89.188 - - [08/Mar/2015:23:21:24 +0900] "GET /board/Write.jsp HTTP/1.1" 200 4518
175.202.141.222 - - [08/Mar/2015:23:21:25 +0900] "GET /mboard/Intro.jsp HTTP/1.1" 200 2070
175.202.141.222 - - [08/Mar/2015:23:21:28 +0900] "GET /mboard/mMain.jsp HTTP/1.1" 200 291064
175.202.141.222 - - [08/Mar/2015:23:21:53 +0900] "GET /mboard/mContent.jsp?rcdno=74 HTTP/1.1" 200 6648
112.155.89.188 - - [08/Mar/2015:23:22:30 +0900] "POST /board/WritePro.jsp HTTP/1.1" 302 -
112.155.89.188 - - [08/Mar/2015:23:22:30 +0900] "GET /board/Main.jsp HTTP/1.1" 200 312086
175.202.141.222 - - [08/Mar/2015:23:22:49 +0900] "GET /mboard/mContent.jsp?rcdno=129 HTTP/1.1" 200 6571
112.155.89.188 - - [08/Mar/2015:23:23:08 +0900] "GET /board/Write.jsp HTTP/1.1" 200 4518
175.202.141.222 - - [08/Mar/2015:23:23:37 +0900] "GET /mboard/mMain.jsp HTTP/1.1" 200 292837
175.202.141.222 - - [08/Mar/2015:23:23:59 +0900] "GET /mboard/mContent.jsp?rcdno=117 HTTP/1.1" 200 7171
112.155.89.188 - - [08/Mar/2015:23:24:24 +0900] "POST /board/WritePro.jsp HTTP/1.1" 302 -
112.155.89.188 - - [08/Mar/2015:23:24:24 +0900] "GET /board/Main.jsp HTTP/1.1" 200 313990
175.202.141.222 - - [08/Mar/2015:23:24:29 +0900] "GET /mboard/mContent.jsp?rcdno=46 HTTP/1.1" 200 6632
175.202.141.222 - - [08/Mar/2015:23:25:24 +0900] "GET /mboard/mContent.jsp?rcdno=129 HTTP/1.1" 200 6571
175.202.141.222 - - [08/Mar/2015:23:26:53 +0900] "GET /mboard/mMain.jsp HTTP/1.1" 200 294630
175.202.141.222 - - [08/Mar/2015:23:27:06 +0900] "GET /mboard/mContent.jsp?rcdno=142 HTTP/1.1" 200 6570
119.202.32.151 - - [08/Mar/2015:23:27:07 +0900] "GET /mboard/mMain.jsp HTTP/1.1" 200 294630
119.202.32.151 - - [08/Mar/2015:23:27:11 +0900] "GET /mboard/mMain.jsp HTTP/1.1" 200 294630
119.202.32.151 - - [08/Mar/2015:23:27:11 +0900] "GET /mboard/mMain.jsp HTTP/1.1" 200 294630
119.202.32.151 - - [08/Mar/2015:23:27:20 +0900] "GET /mboard/mSearch.jsp HTTP/1.1" 200 6927
119.202.32.151 - - [08/Mar/2015:23:27:37 +0900] "POST /mboard/mSearchPro.jsp HTTP/1.1" 200 14587
175.202.141.222 - - [08/Mar/2015:23:27:56 +0900] "GET /mboard/mContent.jsp?rcdno=172 HTTP/1.1" 200 6509
119.202.32.151 - - [08/Mar/2015:23:27:57 +0900] "GET /mboard/mContent.jsp?rcdno=149 HTTP/1.1" 200 9961
119.202.32.151 - - [08/Mar/2015:23:28:18 +0900] "GET /mboard/mContent.jsp?rcdno=151 HTTP/1.1" 200 9032
175.202.141.222 - - [08/Mar/2015:23:28:27 +0900] "GET /mboard/mContent.jsp?rcdno=176 HTTP/1.1" 200 7949
119.202.32.151 - - [08/Mar/2015:23:28:31 +0900] "GET /mboard/mContent.jsp?rcdno=153 HTTP/1.1" 200 8896
175.202.141.222 - - [08/Mar/2015:23:29:33 +0900] "GET /mboard/mContent.jsp?rcdno=174 HTTP/1.1" 200 7781
119.202.32.151 - - [08/Mar/2015:23:29:49 +0900] "GET /mboard/mContent.jsp?rcdno=153 HTTP/1.1" 200 8896
175.205.132.84 - - [08/Mar/2015:23:29:54 +0900] "GET /mboard/mMain.jsp HTTP/1.1" 200 294630
112.155.89.188 - - [08/Mar/2015:23:30:25 +0900] "GET /board/Write.jsp HTTP/1.1" 200 4518
175.205.132.84 - - [08/Mar/2015:23:30:27 +0900] "GET /mboard/mMain.jsp HTTP/1.1" 200 294630
175.205.132.84 - - [08/Mar/2015:23:30:29 +0900] "GET /mboard/mSearch.jsp HTTP/1.1" 200 6927
175.205.132.84 - - [08/Mar/2015:23:30:42 +0900] "POST /mboard/mSearchPro.jsp HTTP/1.1" 200 2659
175.205.132.84 - - [08/Mar/2015:23:30:47 +0900] "POST /mboard/mSearchPro.jsp HTTP/1.1" 200 2659
175.202.141.222 - - [08/Mar/2015:23:30:52 +0900] "GET /mboard/mContent.jsp?rcdno=232 HTTP/1.1" 200 6861
175.205.132.84 - - [08/Mar/2015:23:30:57 +0900] "POST /mboard/mSearchPro.jsp HTTP/1.1" 200 2661
175.205.132.84 - - [08/Mar/2015:23:31:06 +0900] "POST /mboard/mSearchPro.jsp HTTP/1.1" 200 2659
175.202.141.222 - - [08/Mar/2015:23:31:41 +0900] "GET /mboard/mContent.jsp?rcdno=236 HTTP/1.1" 200 7013
112.155.89.188 - - [08/Mar/2015:23:31:54 +0900] "POST /board/WritePro.jsp HTTP/1.1" 302 -
112.155.89.188 - - [08/Mar/2015:23:31:54 +0900] "GET /board/Main.jsp HTTP/1.1" 200 315869
112.155.89.188 - - [08/Mar/2015:23:32:08 +0900] "GET /board/Write.jsp HTTP/1.1" 200 4518
175.202.141.222 - - [08/Mar/2015:23:32:27 +0900] "GET /mboard/mContent.jsp?rcdno=180 HTTP/1.1" 200 5509
175.202.141.222 - - [08/Mar/2015:23:32:51 +0900] "GET /mboard/mMain.jsp HTTP/1.1" 200 296398
112.155.89.188 - - [08/Mar/2015:23:32:58 +0900] "POST /board/WritePro.jsp HTTP/1.1" 302 -
112.155.89.188 - - [08/Mar/2015:23:32:58 +0900] "GET /board/Main.jsp HTTP/1.1" 200 317767
112.155.89.188 - - [08/Mar/2015:23:33:14 +0900] "GET /board/Write.jsp HTTP/1.1" 200 4518
175.202.141.222 - - [08/Mar/2015:23:33:20 +0900] "GET /mboard/mContent.jsp?rcdno=105 HTTP/1.1" 200 6232
175.202.141.222 - - [08/Mar/2015:23:33:49 +0900] "GET /mboard/mContent.jsp?rcdno=86 HTTP/1.1" 200 6022
112.155.89.188 - - [08/Mar/2015:23:34:14 +0900] "POST /board/WritePro.jsp HTTP/1.1" 302 -
112.155.89.188 - - [08/Mar/2015:23:34:14 +0900] "GET /board/Main.jsp HTTP/1.1" 200 319687
112.155.89.188 - - [08/Mar/2015:23:35:56 +0900] "GET /board/Write.jsp HTTP/1.1" 200 4518
112.155.89.188 - - [08/Mar/2015:23:37:14 +0900] "POST /board/WritePro.jsp HTTP/1.1" 302 -
112.155.89.188 - - [08/Mar/2015:23:37:14 +0900] "GET /board/Main.jsp HTTP/1.1" 200 321604
112.155.89.188 - - [08/Mar/2015:23:38:03 +0900] "GET /board/Write.jsp HTTP/1.1" 200 4518
119.198.35.184 - - [08/Mar/2015:23:38:19 +0900] "GET /mboard/mMain.jsp HTTP/1.1" 200 301794
119.198.35.184 - - [08/Mar/2015:23:38:34 +0900] "GET /mboard/mSearch.jsp HTTP/1.1" 200 6927
119.198.35.184 - - [08/Mar/2015:23:38:48 +0900] "GET /mboard/Announcement.jsp HTTP/1.1" 200 2069
119.198.35.184 - - [08/Mar/2015:23:38:49 +0900] "GET /mboard/mMain.jsp HTTP/1.1" 200 301794
112.155.89.188 - - [08/Mar/2015:23:39:12 +0900] "POST /board/WritePro.jsp HTTP/1.1" 302 -
112.155.89.188 - - [08/Mar/2015:23:39:12 +0900] "GET /board/Main.jsp HTTP/1.1" 200 323496
112.155.89.188 - - [08/Mar/2015:23:39:31 +0900] "GET /board/Write.jsp HTTP/1.1" 200 4518
110.8.26.142 - - [08/Mar/2015:23:39:45 +0900] "GET /mboard/mMain.jsp HTTP/1.1" 200 303575
110.8.26.142 - - [08/Mar/2015:23:40:15 +0900] "GET /mboard/mMain.jsp HTTP/1.1" 200 303575
110.8.26.142 - - [08/Mar/2015:23:40:18 +0900] "GET /mboard/mSearch.jsp HTTP/1.1" 200 6927
112.155.89.188 - - [08/Mar/2015:23:40:31 +0900] "POST /board/WritePro.jsp HTTP/1.1" 302 -
112.155.89.188 - - [08/Mar/2015:23:40:31 +0900] "GET /board/Main.jsp HTTP/1.1" 200 325394
110.8.26.142 - - [08/Mar/2015:23:40:32 +0900] "POST /mboard/mSearchPro.jsp HTTP/1.1" 200 2661
110.8.26.142 - - [08/Mar/2015:23:40:36 +0900] "GET /mboard/Intro.jsp HTTP/1.1" 200 2070
112.155.89.188 - - [08/Mar/2015:23:40:37 +0900] "GET /board/Write.jsp HTTP/1.1" 200 4518
110.8.26.142 - - [08/Mar/2015:23:40:40 +0900] "GET /mboard/Announcement.jsp HTTP/1.1" 200 2069
112.155.89.188 - - [08/Mar/2015:23:41:28 +0900] "POST /board/WritePro.jsp HTTP/1.1" 302 -
112.155.89.188 - - [08/Mar/2015:23:41:28 +0900] "GET /board/Main.jsp HTTP/1.1" 200 327301
112.155.89.188 - - [08/Mar/2015:23:42:38 +0900] "GET /board/Write.jsp HTTP/1.1" 200 4518
112.155.89.188 - - [08/Mar/2015:23:43:35 +0900] "POST /board/WritePro.jsp HTTP/1.1" 302 -
112.155.89.188 - - [08/Mar/2015:23:43:36 +0900] "GET /board/Main.jsp HTTP/1.1" 200 329215
112.155.89.188 - - [08/Mar/2015:23:45:09 +0900] "GET /board/Content.jsp?rcdno=174 HTTP/1.1" 200 7281
112.155.89.188 - - [08/Mar/2015:23:45:11 +0900] "GET /board/Main.jsp HTTP/1.1" 200 329215
112.155.89.188 - - [08/Mar/2015:23:45:16 +0900] "GET /board/Content.jsp?rcdno=176 HTTP/1.1" 200 7449
112.155.89.188 - - [08/Mar/2015:23:45:34 +0900] "GET /board/Main.jsp HTTP/1.1" 200 329215
112.155.89.188 - - [08/Mar/2015:23:45:42 +0900] "GET /board/Content.jsp?rcdno=132 HTTP/1.1" 200 5193
175.246.193.161 - - [08/Mar/2015:23:45:54 +0900] "GET /mboard/mMain.jsp HTTP/1.1" 200 308959
112.155.89.188 - - [08/Mar/2015:23:45:56 +0900] "GET /board/Main.jsp HTTP/1.1" 200 329215
112.155.89.188 - - [08/Mar/2015:23:45:58 +0900] "GET /board/Write.jsp HTTP/1.1" 200 4518
118.41.84.9 - - [08/Mar/2015:23:46:14 +0900] "GET /mboard/mMain.jsp HTTP/1.1" 200 308959
118.41.84.9 - - [08/Mar/2015:23:46:45 +0900] "GET /mboard/mMain.jsp HTTP/1.1" 200 308959
112.155.89.188 - - [08/Mar/2015:23:46:50 +0900] "POST /board/WritePro.jsp HTTP/1.1" 302 -
112.155.89.188 - - [08/Mar/2015:23:46:50 +0900] "GET /board/Main.jsp HTTP/1.1" 200 331098
118.41.84.9 - - [08/Mar/2015:23:46:51 +0900] "GET /mboard/mContent.jsp?rcdno=65 HTTP/1.1" 200 7790
118.41.84.9 - - [08/Mar/2015:23:47:21 +0900] "GET /mboard/mSearch.jsp HTTP/1.1" 200 6927
175.246.193.161 - - [08/Mar/2015:23:47:33 +0900] "GET /mboard/mContent.jsp?rcdno=164 HTTP/1.1" 200 11640
118.41.84.9 - - [08/Mar/2015:23:47:45 +0900] "GET /mboard/mContent.jsp?rcdno=72 HTTP/1.1" 200 7244
112.155.89.188 - - [08/Mar/2015:23:48:40 +0900] "GET /board/Write.jsp HTTP/1.1" 200 4518
117.111.13.67 - - [08/Mar/2015:23:49:21 +0900] "GET /mboard/mMain.jsp HTTP/1.1" 200 310729
112.155.89.188 - - [08/Mar/2015:23:49:53 +0900] "POST /board/WritePro.jsp HTTP/1.1" 302 -
112.155.89.188 - - [08/Mar/2015:23:49:53 +0900] "GET /board/Main.jsp HTTP/1.1" 200 333015
112.155.89.188 - - [08/Mar/2015:23:49:57 +0900] "GET /board/Content.jsp?rcdno=256 HTTP/1.1" 200 6190
112.155.89.188 - - [08/Mar/2015:23:50:02 +0900] "GET /board/Delete.jsp?rcdno=256 HTTP/1.1" 302 -
112.155.89.188 - - [08/Mar/2015:23:50:02 +0900] "GET /board/MainDday.jsp HTTP/1.1" 200 331098
112.155.89.188 - - [08/Mar/2015:23:50:07 +0900] "GET /board/Main.jsp HTTP/1.1" 200 331098
112.155.89.188 - - [08/Mar/2015:23:50:09 +0900] "GET /board/Write.jsp HTTP/1.1" 200 4518
112.162.28.241 - - [08/Mar/2015:23:50:11 +0900] "GET /mboard/mContent.jsp?rcdno=245 HTTP/1.1" 200 7198
112.162.28.241 - - [08/Mar/2015:23:50:13 +0900] "GET /mboard/mMain.jsp HTTP/1.1" 200 310729
112.155.89.188 - - [08/Mar/2015:23:51:02 +0900] "POST /board/WritePro.jsp HTTP/1.1" 302 -
112.155.89.188 - - [08/Mar/2015:23:51:02 +0900] "GET /board/Main.jsp HTTP/1.1" 200 333014
112.162.28.241 - - [08/Mar/2015:23:52:11 +0900] "GET /mboard/mContent.jsp?rcdno=187 HTTP/1.1" 200 8043
112.155.89.188 - - [08/Mar/2015:23:52:16 +0900] "GET /board/Write.jsp HTTP/1.1" 200 4518
112.155.89.188 - - [08/Mar/2015:23:53:29 +0900] "POST /board/WritePro.jsp HTTP/1.1" 302 -
112.155.89.188 - - [08/Mar/2015:23:53:29 +0900] "GET /board/Main.jsp HTTP/1.1" 200 334924
112.155.89.188 - - [08/Mar/2015:23:53:43 +0900] "GET /board/Write.jsp HTTP/1.1" 200 4518
112.155.89.188 - - [08/Mar/2015:23:54:35 +0900] "POST /board/WritePro.jsp HTTP/1.1" 302 -
112.155.89.188 - - [08/Mar/2015:23:54:35 +0900] "GET /board/Main.jsp HTTP/1.1" 200 336814
112.155.89.188 - - [08/Mar/2015:23:54:59 +0900] "GET /board/Write.jsp HTTP/1.1" 200 4518
